/home/orwel/dev_genius/venv/lib/python3.12/site-packages/accelerate/accelerator.py:529: UserWarning: `log_with=tensorboard` was passed but no supported trackers are currently installed.
  warnings.warn(f"`log_with={log_with}` was passed but no supported trackers are currently installed.")
/home/orwel/dev_genius/experiments/overnight_wierd/paper_repro/compat/trl/trainer/ppo_trainer.py:266: UserWarning: No dataset is provided. Make sure to set config.batch_size to the correct value before training.
  warnings.warn(
You're using a GPTNeoXTokenizerFast tokenizer. Please note that with a fast tokenizer, using the `__call__` method is faster than using a method to encode the text followed by a call to the `pad` method to get a padded encoding.
PPO_STEP 1/250 reward=-0.893716 kl=0.000000 best=-0.893716
PPO_STEP 2/250 reward=-0.405425 kl=-0.020221 best=-0.405425
PPO_STEP 3/250 reward=-0.270005 kl=0.043971 best=-0.270005
PPO_STEP 4/250 reward=-0.078689 kl=0.048709 best=-0.078689
PPO_STEP 5/250 reward=0.193859 kl=0.083932 best=0.193859
PPO_STEP 6/250 reward=-0.767294 kl=0.069748 best=0.193859
PPO_STEP 7/250 reward=-0.561578 kl=0.089459 best=0.193859
PPO_STEP 8/250 reward=-1.270823 kl=-0.028891 best=0.193859
PPO_STEP 9/250 reward=-0.027053 kl=-0.029271 best=0.193859
PPO_STEP 10/250 reward=0.243934 kl=-0.040420 best=0.243934
PPO_STEP 11/250 reward=0.348290 kl=0.116755 best=0.348290
PPO_STEP 12/250 reward=-0.362934 kl=0.223551 best=0.348290
PPO_STEP 13/250 reward=-0.254823 kl=0.132757 best=0.348290
PPO_STEP 14/250 reward=0.187160 kl=0.176041 best=0.348290
PPO_STEP 15/250 reward=-1.397485 kl=0.095363 best=0.348290
PPO_STEP 16/250 reward=-0.627800 kl=0.174366 best=0.348290
PPO_STEP 17/250 reward=-0.042623 kl=0.042318 best=0.348290
PPO_STEP 18/250 reward=-0.524233 kl=-0.139997 best=0.348290
PPO_STEP 19/250 reward=-0.759646 kl=-0.145679 best=0.348290
PPO_STEP 20/250 reward=-0.461782 kl=-0.167445 best=0.348290
PPO_STEP 21/250 reward=-0.039708 kl=-0.146388 best=0.348290
PPO_STEP 22/250 reward=0.068627 kl=-0.079142 best=0.348290
PPO_STEP 23/250 reward=-1.407144 kl=0.217434 best=0.348290
PPO_STEP 24/250 reward=-0.067496 kl=0.125384 best=0.348290
PPO_STEP 25/250 reward=-0.807250 kl=0.178212 best=0.348290
PPO_STEP 26/250 reward=-0.502171 kl=0.013709 best=0.348290
PPO_STEP 27/250 reward=-0.965890 kl=-0.073316 best=0.348290
PPO_STEP 28/250 reward=-0.252535 kl=0.027820 best=0.348290
PPO_STEP 29/250 reward=-0.153112 kl=0.185453 best=0.348290
PPO_STEP 30/250 reward=-0.634752 kl=-0.048207 best=0.348290
PPO_STEP 31/250 reward=0.060428 kl=-0.085451 best=0.348290
PPO_STEP 32/250 reward=-0.393015 kl=0.209405 best=0.348290
PPO_STEP 33/250 reward=-0.463002 kl=0.200079 best=0.348290
PPO_STEP 34/250 reward=-0.378036 kl=0.358179 best=0.348290
PPO_STEP 35/250 reward=0.108233 kl=0.726283 best=0.348290
PPO_STEP 36/250 reward=-0.515532 kl=0.575640 best=0.348290
PPO_STEP 37/250 reward=-0.229231 kl=0.135593 best=0.348290
PPO_STEP 38/250 reward=-0.500529 kl=0.896598 best=0.348290
PPO_STEP 39/250 reward=0.269901 kl=0.732291 best=0.348290
PPO_STEP 40/250 reward=-0.041105 kl=0.852479 best=0.348290
PPO_STEP 41/250 reward=-1.319674 kl=0.625319 best=0.348290
PPO_STEP 42/250 reward=-0.272436 kl=0.919053 best=0.348290
PPO_STEP 43/250 reward=-0.160560 kl=0.646736 best=0.348290
PPO_STEP 44/250 reward=-0.284662 kl=0.649668 best=0.348290
PPO_STEP 45/250 reward=0.138273 kl=0.771052 best=0.348290
PPO_STEP 46/250 reward=-1.171648 kl=0.718361 best=0.348290
PPO_STEP 47/250 reward=0.189043 kl=0.784091 best=0.348290
PPO_STEP 48/250 reward=-0.617911 kl=0.458199 best=0.348290
PPO_STEP 49/250 reward=0.031230 kl=1.060667 best=0.348290
PPO_STEP 50/250 reward=-0.439270 kl=0.520343 best=0.348290
PPO_STEP 51/250 reward=-0.494815 kl=0.946521 best=0.348290
PPO_STEP 52/250 reward=-0.995422 kl=0.533823 best=0.348290
PPO_STEP 53/250 reward=-0.691840 kl=0.524372 best=0.348290
PPO_STEP 54/250 reward=0.042238 kl=0.016681 best=0.348290
PPO_STEP 55/250 reward=-0.816759 kl=0.396476 best=0.348290
PPO_STEP 56/250 reward=-0.321826 kl=0.137531 best=0.348290
PPO_STEP 57/250 reward=-0.300172 kl=-0.664293 best=0.348290
PPO_STEP 58/250 reward=-0.845971 kl=0.073965 best=0.348290
PPO_STEP 59/250 reward=-0.480666 kl=0.011817 best=0.348290
PPO_STEP 60/250 reward=-0.264208 kl=0.316175 best=0.348290
PPO_STEP 61/250 reward=-0.607391 kl=0.246967 best=0.348290
PPO_STEP 62/250 reward=-0.301244 kl=-0.078145 best=0.348290
PPO_STEP 63/250 reward=-0.299644 kl=0.261222 best=0.348290
PPO_STEP 64/250 reward=-0.134818 kl=0.445008 best=0.348290
PPO_STEP 65/250 reward=-0.173051 kl=0.324671 best=0.348290
PPO_STEP 66/250 reward=-0.524387 kl=0.680693 best=0.348290
PPO_STEP 67/250 reward=-0.397603 kl=0.356699 best=0.348290
PPO_STEP 68/250 reward=-0.004667 kl=0.724301 best=0.348290
PPO_STEP 69/250 reward=-1.390764 kl=-0.233862 best=0.348290
PPO_STEP 70/250 reward=-0.783240 kl=0.522352 best=0.348290
PPO_STEP 71/250 reward=-0.588967 kl=0.829654 best=0.348290
PPO_STEP 72/250 reward=-1.268193 kl=-0.475334 best=0.348290
PPO_STEP 73/250 reward=-0.525046 kl=0.469589 best=0.348290
PPO_STEP 74/250 reward=-0.598201 kl=0.071485 best=0.348290
PPO_STEP 75/250 reward=-0.982766 kl=-0.022410 best=0.348290
PPO_STEP 76/250 reward=-0.388045 kl=0.849852 best=0.348290
PPO_STEP 77/250 reward=0.181886 kl=0.016885 best=0.348290
PPO_STEP 78/250 reward=-0.527912 kl=0.240294 best=0.348290
PPO_STEP 79/250 reward=-0.076353 kl=1.201164 best=0.348290
PPO_STEP 80/250 reward=-0.397109 kl=0.785609 best=0.348290
PPO_STEP 81/250 reward=-0.767300 kl=0.846770 best=0.348290
PPO_STEP 82/250 reward=-0.141467 kl=1.567298 best=0.348290
PPO_STEP 83/250 reward=-0.680011 kl=0.758737 best=0.348290
PPO_STEP 84/250 reward=-0.990157 kl=0.700404 best=0.348290
PPO_STEP 85/250 reward=0.298190 kl=0.809461 best=0.348290
PPO_STEP 86/250 reward=-0.572519 kl=1.000008 best=0.348290
PPO_STEP 87/250 reward=-0.401910 kl=0.594339 best=0.348290
PPO_STEP 88/250 reward=-0.665397 kl=0.102156 best=0.348290
PPO_STEP 89/250 reward=-0.475086 kl=0.649596 best=0.348290
PPO_STEP 90/250 reward=-0.421908 kl=0.419918 best=0.348290
PPO_STEP 91/250 reward=-0.728320 kl=0.570673 best=0.348290
PPO_STEP 92/250 reward=-0.081085 kl=0.432986 best=0.348290
PPO_STEP 93/250 reward=-0.703669 kl=0.854639 best=0.348290
PPO_STEP 94/250 reward=0.078817 kl=0.867069 best=0.348290
PPO_STEP 95/250 reward=-0.408626 kl=1.084583 best=0.348290
PPO_STEP 96/250 reward=-0.566113 kl=0.593544 best=0.348290
PPO_STEP 97/250 reward=-0.477656 kl=0.797737 best=0.348290
PPO_STEP 98/250 reward=-0.579500 kl=0.655454 best=0.348290
PPO_STEP 99/250 reward=-0.842696 kl=-0.020932 best=0.348290
PPO_STEP 100/250 reward=-0.389606 kl=0.176348 best=0.348290
PPO_STEP 101/250 reward=-0.398937 kl=0.712024 best=0.348290
PPO_STEP 102/250 reward=0.484181 kl=1.511456 best=0.484181
PPO_STEP 103/250 reward=-0.786870 kl=0.153740 best=0.484181
PPO_STEP 104/250 reward=-0.605623 kl=0.598622 best=0.484181
PPO_STEP 105/250 reward=-0.297575 kl=1.128673 best=0.484181
PPO_STEP 106/250 reward=-0.073002 kl=0.492968 best=0.484181
PPO_STEP 107/250 reward=-0.105910 kl=1.186832 best=0.484181
PPO_STEP 108/250 reward=-0.506904 kl=1.391183 best=0.484181
PPO_STEP 109/250 reward=-0.534412 kl=0.027115 best=0.484181
PPO_STEP 110/250 reward=-0.422084 kl=0.579441 best=0.484181
PPO_STEP 111/250 reward=0.268974 kl=1.043156 best=0.484181
PPO_STEP 112/250 reward=0.149156 kl=1.129499 best=0.484181
PPO_STEP 113/250 reward=-0.129022 kl=0.432927 best=0.484181
PPO_STEP 114/250 reward=-0.890692 kl=0.475925 best=0.484181
PPO_STEP 115/250 reward=-1.521795 kl=-0.176618 best=0.484181
PPO_STEP 116/250 reward=-0.778415 kl=0.077794 best=0.484181
PPO_STEP 117/250 reward=-1.034695 kl=-0.053177 best=0.484181
PPO_STEP 118/250 reward=0.114510 kl=0.599577 best=0.484181
PPO_STEP 119/250 reward=-0.582782 kl=-0.026997 best=0.484181
PPO_STEP 120/250 reward=-0.362948 kl=0.301588 best=0.484181
PPO_STEP 121/250 reward=-0.280788 kl=0.759106 best=0.484181
PPO_STEP 122/250 reward=-0.948474 kl=-0.005644 best=0.484181
PPO_STEP 123/250 reward=-1.488117 kl=0.467585 best=0.484181
PPO_STEP 124/250 reward=-0.582450 kl=-0.104528 best=0.484181
PPO_STEP 125/250 reward=0.153076 kl=-0.476817 best=0.484181
PPO_STEP 126/250 reward=-0.091062 kl=0.629869 best=0.484181
PPO_STEP 127/250 reward=-0.878114 kl=0.459727 best=0.484181
PPO_STEP 128/250 reward=-0.222419 kl=1.124899 best=0.484181
PPO_STEP 129/250 reward=-0.775127 kl=0.505105 best=0.484181
PPO_STEP 130/250 reward=-0.588951 kl=0.293761 best=0.484181
PPO_STEP 131/250 reward=-0.103554 kl=1.351230 best=0.484181
PPO_STEP 132/250 reward=-0.041733 kl=0.526118 best=0.484181
PPO_STEP 133/250 reward=-0.969544 kl=0.118037 best=0.484181
PPO_STEP 134/250 reward=0.010614 kl=1.344404 best=0.484181
PPO_STEP 135/250 reward=-0.938751 kl=0.002728 best=0.484181
PPO_STEP 136/250 reward=-0.115657 kl=1.167876 best=0.484181
PPO_STEP 137/250 reward=-1.559270 kl=0.227136 best=0.484181
PPO_STEP 138/250 reward=-0.215464 kl=1.295006 best=0.484181
PPO_STEP 139/250 reward=-0.277786 kl=0.830048 best=0.484181
PPO_STEP 140/250 reward=-0.703591 kl=0.293762 best=0.484181
PPO_STEP 141/250 reward=0.243069 kl=1.665083 best=0.484181
PPO_STEP 142/250 reward=-0.147739 kl=0.604426 best=0.484181
PPO_STEP 143/250 reward=0.342783 kl=1.675591 best=0.484181
PPO_STEP 144/250 reward=-0.698265 kl=2.337514 best=0.484181
PPO_STEP 145/250 reward=-0.486924 kl=1.660873 best=0.484181
PPO_STEP 146/250 reward=0.077207 kl=1.861608 best=0.484181
PPO_STEP 147/250 reward=0.001093 kl=1.945695 best=0.484181
PPO_STEP 148/250 reward=-0.425261 kl=1.648520 best=0.484181
PPO_STEP 149/250 reward=-0.040180 kl=0.468436 best=0.484181
PPO_STEP 150/250 reward=-0.523419 kl=1.360017 best=0.484181
PPO_STEP 151/250 reward=0.683004 kl=2.074620 best=0.683004
PPO_STEP 152/250 reward=0.096801 kl=1.113422 best=0.683004
PPO_STEP 153/250 reward=-0.462091 kl=1.610839 best=0.683004
PPO_STEP 154/250 reward=-0.864907 kl=0.913599 best=0.683004
PPO_STEP 155/250 reward=-0.054897 kl=1.991829 best=0.683004
PPO_STEP 156/250 reward=-0.549805 kl=0.968469 best=0.683004
PPO_STEP 157/250 reward=-0.462129 kl=0.917771 best=0.683004
PPO_STEP 158/250 reward=-0.656143 kl=1.239747 best=0.683004
PPO_STEP 159/250 reward=0.231505 kl=2.009564 best=0.683004
PPO_STEP 160/250 reward=-0.300883 kl=1.025675 best=0.683004
PPO_STEP 161/250 reward=-0.768554 kl=-0.471281 best=0.683004
PPO_STEP 162/250 reward=-0.149428 kl=0.523300 best=0.683004
PPO_STEP 163/250 reward=-0.760116 kl=-0.116382 best=0.683004
PPO_STEP 164/250 reward=-1.423745 kl=0.476254 best=0.683004
PPO_STEP 165/250 reward=-0.290080 kl=1.089761 best=0.683004
PPO_STEP 166/250 reward=-0.673555 kl=0.292685 best=0.683004
PPO_STEP 167/250 reward=-0.771498 kl=1.070651 best=0.683004
PPO_STEP 168/250 reward=-0.312675 kl=0.176779 best=0.683004
PPO_STEP 169/250 reward=-0.000121 kl=0.475498 best=0.683004
PPO_STEP 170/250 reward=-0.212988 kl=0.770568 best=0.683004
PPO_STEP 171/250 reward=-1.015433 kl=-0.050936 best=0.683004
PPO_STEP 172/250 reward=-0.180582 kl=1.225091 best=0.683004
PPO_STEP 173/250 reward=-0.925256 kl=0.203929 best=0.683004
PPO_STEP 174/250 reward=0.533039 kl=2.284968 best=0.683004
PPO_STEP 175/250 reward=-0.655660 kl=0.795121 best=0.683004
PPO_STEP 176/250 reward=-0.637167 kl=1.279020 best=0.683004
PPO_STEP 177/250 reward=-0.092204 kl=0.774699 best=0.683004
PPO_STEP 178/250 reward=-1.209163 kl=0.292392 best=0.683004
PPO_STEP 179/250 reward=-0.678628 kl=0.627458 best=0.683004
PPO_STEP 180/250 reward=-1.065306 kl=0.434144 best=0.683004
PPO_STEP 181/250 reward=-0.591424 kl=2.686935 best=0.683004
PPO_STEP 182/250 reward=-0.924129 kl=0.400865 best=0.683004
PPO_STEP 183/250 reward=-0.628027 kl=0.033715 best=0.683004
/home/orwel/dev_genius/experiments/overnight_wierd/paper_repro/compat/trl/trainer/ppo_trainer.py:1304: UserWarning: KL divergence is starting to become negative: -1.25 - this might be a precursor for failed training. sometimes this happens because the generation kwargs are not correctly set. Please make sure that the generation kwargs are set correctly, or review your training hyperparameters.
  warnings.warn(
PPO_STEP 184/250 reward=-1.609083 kl=-1.254308 best=0.683004
PPO_STEP 185/250 reward=-0.679538 kl=0.975392 best=0.683004
PPO_STEP 186/250 reward=-0.446538 kl=1.425751 best=0.683004
PPO_STEP 187/250 reward=-0.961276 kl=0.502008 best=0.683004
PPO_STEP 188/250 reward=-0.918272 kl=0.434409 best=0.683004
PPO_STEP 189/250 reward=-0.486387 kl=0.840035 best=0.683004
PPO_STEP 190/250 reward=-1.331409 kl=-0.302886 best=0.683004
PPO_STEP 191/250 reward=-0.797435 kl=1.250050 best=0.683004
PPO_STEP 192/250 reward=0.140541 kl=1.794919 best=0.683004
PPO_STEP 193/250 reward=-0.554895 kl=3.402285 best=0.683004
PPO_STEP 194/250 reward=-0.756732 kl=0.164270 best=0.683004
PPO_STEP 195/250 reward=0.290269 kl=1.769797 best=0.683004
PPO_STEP 196/250 reward=-0.223439 kl=1.968899 best=0.683004
PPO_STEP 197/250 reward=-0.460906 kl=2.685662 best=0.683004
PPO_STEP 198/250 reward=-0.006279 kl=1.189725 best=0.683004
PPO_STEP 199/250 reward=0.579025 kl=3.005556 best=0.683004
PPO_STEP 200/250 reward=-0.441114 kl=1.138605 best=0.683004
PPO_STEP 201/250 reward=-0.796136 kl=0.030120 best=0.683004
PPO_STEP 202/250 reward=-0.973660 kl=0.043169 best=0.683004
PPO_STEP 203/250 reward=-0.516606 kl=1.081101 best=0.683004
PPO_STEP 204/250 reward=0.078515 kl=1.021872 best=0.683004
PPO_STEP 205/250 reward=-0.956590 kl=0.975615 best=0.683004
PPO_STEP 206/250 reward=-0.693411 kl=1.403453 best=0.683004
PPO_STEP 207/250 reward=-0.268260 kl=0.845357 best=0.683004
PPO_STEP 208/250 reward=-0.579979 kl=0.254950 best=0.683004
PPO_STEP 209/250 reward=0.050668 kl=1.926296 best=0.683004
PPO_STEP 210/250 reward=-0.580985 kl=0.228018 best=0.683004
PPO_STEP 211/250 reward=-0.465781 kl=2.180972 best=0.683004
PPO_STEP 212/250 reward=0.710137 kl=3.008999 best=0.710137
PPO_STEP 213/250 reward=-0.088076 kl=0.865261 best=0.710137
PPO_STEP 214/250 reward=-0.468577 kl=1.985567 best=0.710137
PPO_STEP 215/250 reward=-0.131691 kl=1.464412 best=0.710137
PPO_STEP 216/250 reward=-0.890476 kl=1.215501 best=0.710137
PPO_STEP 217/250 reward=0.306056 kl=2.772892 best=0.710137
PPO_STEP 218/250 reward=-0.929435 kl=0.501697 best=0.710137
PPO_STEP 219/250 reward=-0.448086 kl=0.223942 best=0.710137
PPO_STEP 220/250 reward=-1.111809 kl=-0.893984 best=0.710137
PPO_STEP 221/250 reward=-0.413170 kl=0.905206 best=0.710137
PPO_STEP 222/250 reward=-1.290937 kl=0.062674 best=0.710137
PPO_STEP 223/250 reward=-0.619410 kl=1.089864 best=0.710137
PPO_STEP 224/250 reward=-0.512433 kl=2.075327 best=0.710137
PPO_STEP 225/250 reward=-0.108876 kl=1.559271 best=0.710137
PPO_STEP 226/250 reward=-0.962135 kl=0.443960 best=0.710137
PPO_STEP 227/250 reward=0.139524 kl=2.113859 best=0.710137
PPO_STEP 228/250 reward=-0.041866 kl=1.597682 best=0.710137
PPO_STEP 229/250 reward=-1.649197 kl=0.797258 best=0.710137
PPO_STEP 230/250 reward=-0.429483 kl=1.396969 best=0.710137
PPO_STEP 231/250 reward=-0.081883 kl=0.712925 best=0.710137
PPO_STEP 232/250 reward=-0.497331 kl=1.500336 best=0.710137
PPO_STEP 233/250 reward=-0.903143 kl=-0.083307 best=0.710137
PPO_STEP 234/250 reward=-0.705202 kl=0.667745 best=0.710137
PPO_STEP 235/250 reward=0.009214 kl=1.598577 best=0.710137
PPO_STEP 236/250 reward=-0.580931 kl=1.152691 best=0.710137
PPO_STEP 237/250 reward=-0.193071 kl=2.431918 best=0.710137
PPO_STEP 238/250 reward=0.610785 kl=1.252804 best=0.710137
PPO_STEP 239/250 reward=-0.330104 kl=1.880866 best=0.710137
PPO_STEP 240/250 reward=0.389905 kl=3.019082 best=0.710137
PPO_STEP 241/250 reward=-0.026024 kl=2.202912 best=0.710137
PPO_STEP 242/250 reward=-0.163750 kl=1.635136 best=0.710137
PPO_STEP 243/250 reward=-0.141904 kl=1.774935 best=0.710137
PPO_STEP 244/250 reward=-0.318555 kl=1.845017 best=0.710137
PPO_STEP 245/250 reward=-0.258712 kl=3.067321 best=0.710137
PPO_STEP 246/250 reward=-0.573491 kl=1.269797 best=0.710137
PPO_STEP 247/250 reward=-1.572407 kl=-0.295056 best=0.710137
PPO_STEP 248/250 reward=-0.126901 kl=0.440890 best=0.710137
PPO_STEP 249/250 reward=-0.624641 kl=0.950446 best=0.710137
PPO_STEP 250/250 reward=-0.324008 kl=2.056214 best=0.710137
[W730 09:56:45.865962684 AllocatorConfig.cpp:28] Warning: PYTORCH_CUDA_ALLOC_CONF is deprecated, use PYTORCH_ALLOC_CONF instead (function operator())
