Some weights of GPTNeoXForSequenceClassification were not initialized from the model checkpoint at EleutherAI/pythia-410m-deduped and are newly initialized: ['score.weight']
You should probably TRAIN this model on a down-stream task to be able to use it for predictions and inference.
/home/orwel/dev_genius/venv/lib/python3.12/site-packages/accelerate/accelerator.py:529: UserWarning: `log_with=tensorboard` was passed but no supported trackers are currently installed.
  warnings.warn(f"`log_with={log_with}` was passed but no supported trackers are currently installed.")
/home/orwel/dev_genius/experiments/overnight_wierd/paper_repro/compat/trl/trainer/ppo_trainer.py:266: UserWarning: No dataset is provided. Make sure to set config.batch_size to the correct value before training.
  warnings.warn(
You're using a GPTNeoXTokenizerFast tokenizer. Please note that with a fast tokenizer, using the `__call__` method is faster than using a method to encode the text followed by a call to the `pad` method to get a padded encoding.
PPO_STEP 1/250 reward=-0.964552 kl=0.000000 best=-0.964552
PPO_STEP 2/250 reward=-0.434189 kl=-0.002262 best=-0.434189
PPO_STEP 3/250 reward=-1.024277 kl=0.042880 best=-0.434189
PPO_STEP 4/250 reward=-0.654156 kl=0.020296 best=-0.434189
PPO_STEP 5/250 reward=-0.869934 kl=0.080164 best=-0.434189
PPO_STEP 6/250 reward=-0.937065 kl=0.107302 best=-0.434189
PPO_STEP 7/250 reward=-1.192108 kl=0.040593 best=-0.434189
PPO_STEP 8/250 reward=-0.709091 kl=-0.052145 best=-0.434189
PPO_STEP 9/250 reward=-1.000214 kl=0.013315 best=-0.434189
PPO_STEP 10/250 reward=-0.632294 kl=0.070876 best=-0.434189
PPO_STEP 11/250 reward=-0.936485 kl=0.135459 best=-0.434189
PPO_STEP 12/250 reward=-0.972740 kl=0.135569 best=-0.434189
PPO_STEP 13/250 reward=-0.786560 kl=0.154698 best=-0.434189
PPO_STEP 14/250 reward=-1.039558 kl=0.175594 best=-0.434189
PPO_STEP 15/250 reward=-1.455200 kl=-0.018689 best=-0.434189
PPO_STEP 16/250 reward=-0.885002 kl=0.222709 best=-0.434189
PPO_STEP 17/250 reward=-0.814064 kl=0.137238 best=-0.434189
PPO_STEP 18/250 reward=-1.391724 kl=0.010279 best=-0.434189
PPO_STEP 19/250 reward=-1.224426 kl=-0.138917 best=-0.434189
PPO_STEP 20/250 reward=-0.921471 kl=-0.066010 best=-0.434189
PPO_STEP 21/250 reward=-0.819611 kl=-0.131959 best=-0.434189
PPO_STEP 22/250 reward=-0.545364 kl=0.195065 best=-0.434189
PPO_STEP 23/250 reward=-0.911293 kl=0.459341 best=-0.434189
PPO_STEP 24/250 reward=-0.677624 kl=0.306547 best=-0.434189
PPO_STEP 25/250 reward=-1.212303 kl=0.435046 best=-0.434189
PPO_STEP 26/250 reward=-1.206421 kl=0.250359 best=-0.434189
PPO_STEP 27/250 reward=-1.545616 kl=-0.004969 best=-0.434189
PPO_STEP 28/250 reward=-0.976501 kl=-0.052708 best=-0.434189
PPO_STEP 29/250 reward=-0.618534 kl=0.419009 best=-0.434189
PPO_STEP 30/250 reward=-0.995117 kl=0.137688 best=-0.434189
PPO_STEP 31/250 reward=-1.011395 kl=0.152198 best=-0.434189
PPO_STEP 32/250 reward=-0.629929 kl=0.468592 best=-0.434189
PPO_STEP 33/250 reward=-0.966782 kl=0.349661 best=-0.434189
PPO_STEP 34/250 reward=-0.665343 kl=0.556341 best=-0.434189
PPO_STEP 35/250 reward=-0.702423 kl=1.004941 best=-0.434189
PPO_STEP 36/250 reward=-1.375900 kl=0.603359 best=-0.434189
PPO_STEP 37/250 reward=-0.898026 kl=0.053712 best=-0.434189
PPO_STEP 38/250 reward=-0.994659 kl=0.684232 best=-0.434189
PPO_STEP 39/250 reward=-0.656425 kl=0.851757 best=-0.434189
PPO_STEP 40/250 reward=-0.691790 kl=0.753349 best=-0.434189
PPO_STEP 41/250 reward=-1.536987 kl=0.753983 best=-0.434189
PPO_STEP 42/250 reward=-0.437332 kl=0.961290 best=-0.434189
PPO_STEP 43/250 reward=-0.802233 kl=0.983876 best=-0.434189
PPO_STEP 44/250 reward=-1.176327 kl=0.811535 best=-0.434189
PPO_STEP 45/250 reward=-0.506012 kl=0.858416 best=-0.434189
PPO_STEP 46/250 reward=-0.815788 kl=0.692867 best=-0.434189
PPO_STEP 47/250 reward=-1.249615 kl=0.713717 best=-0.434189
PPO_STEP 48/250 reward=-1.371704 kl=0.511083 best=-0.434189
PPO_STEP 49/250 reward=-0.865540 kl=0.989703 best=-0.434189
PPO_STEP 50/250 reward=-1.032276 kl=0.351914 best=-0.434189
PPO_STEP 51/250 reward=-0.562519 kl=1.068567 best=-0.434189
PPO_STEP 52/250 reward=-0.656128 kl=0.630134 best=-0.434189
PPO_STEP 53/250 reward=-0.643753 kl=0.808961 best=-0.434189
PPO_STEP 54/250 reward=-0.523933 kl=0.514543 best=-0.434189
PPO_STEP 55/250 reward=-1.210243 kl=0.583448 best=-0.434189
PPO_STEP 56/250 reward=-0.822615 kl=0.338408 best=-0.434189
PPO_STEP 57/250 reward=-0.741479 kl=0.044870 best=-0.434189
PPO_STEP 58/250 reward=-1.084774 kl=0.527261 best=-0.434189
PPO_STEP 59/250 reward=-1.317318 kl=0.440118 best=-0.434189
PPO_STEP 60/250 reward=-0.983841 kl=0.836591 best=-0.434189
PPO_STEP 61/250 reward=-0.887016 kl=0.880049 best=-0.434189
PPO_STEP 62/250 reward=-0.497437 kl=0.476290 best=-0.434189
PPO_STEP 63/250 reward=-0.849548 kl=0.851575 best=-0.434189
PPO_STEP 64/250 reward=-1.041353 kl=1.057108 best=-0.434189
PPO_STEP 65/250 reward=-0.972946 kl=0.909200 best=-0.434189
PPO_STEP 66/250 reward=-1.269875 kl=0.670797 best=-0.434189
PPO_STEP 67/250 reward=-1.264973 kl=0.355505 best=-0.434189
PPO_STEP 68/250 reward=-0.562500 kl=0.652645 best=-0.434189
PPO_STEP 69/250 reward=-1.427324 kl=-0.135672 best=-0.434189
PPO_STEP 70/250 reward=-1.229160 kl=0.395329 best=-0.434189
PPO_STEP 71/250 reward=-1.091080 kl=0.674460 best=-0.434189
PPO_STEP 72/250 reward=-1.049957 kl=-0.345210 best=-0.434189
PPO_STEP 73/250 reward=-0.955902 kl=0.107931 best=-0.434189
PPO_STEP 74/250 reward=-1.278954 kl=-0.047668 best=-0.434189
PPO_STEP 75/250 reward=-1.401291 kl=0.202455 best=-0.434189
PPO_STEP 76/250 reward=-1.357727 kl=0.923223 best=-0.434189
PPO_STEP 77/250 reward=-1.318954 kl=-0.155498 best=-0.434189
PPO_STEP 78/250 reward=-1.208443 kl=0.125393 best=-0.434189
PPO_STEP 79/250 reward=-0.939178 kl=0.584058 best=-0.434189
PPO_STEP 80/250 reward=-0.945362 kl=0.220531 best=-0.434189
PPO_STEP 81/250 reward=-1.123199 kl=0.514191 best=-0.434189
PPO_STEP 82/250 reward=-0.962769 kl=1.238376 best=-0.434189
PPO_STEP 83/250 reward=-1.495796 kl=0.919122 best=-0.434189
PPO_STEP 84/250 reward=-0.840012 kl=0.539652 best=-0.434189
PPO_STEP 85/250 reward=-0.655014 kl=0.884540 best=-0.434189
PPO_STEP 86/250 reward=-0.779170 kl=0.845619 best=-0.434189
PPO_STEP 87/250 reward=-0.911713 kl=0.676491 best=-0.434189
PPO_STEP 88/250 reward=-0.938141 kl=0.479037 best=-0.434189
PPO_STEP 89/250 reward=-0.992144 kl=0.861939 best=-0.434189
PPO_STEP 90/250 reward=-1.219765 kl=0.954435 best=-0.434189
PPO_STEP 91/250 reward=-1.158058 kl=0.734809 best=-0.434189
PPO_STEP 92/250 reward=-1.187363 kl=0.825810 best=-0.434189
PPO_STEP 93/250 reward=-0.983368 kl=0.728774 best=-0.434189
PPO_STEP 94/250 reward=-0.825012 kl=0.119230 best=-0.434189
PPO_STEP 95/250 reward=-1.292114 kl=0.172282 best=-0.434189
PPO_STEP 96/250 reward=-0.995722 kl=0.276751 best=-0.434189
PPO_STEP 97/250 reward=-0.818123 kl=0.588110 best=-0.434189
PPO_STEP 98/250 reward=-0.908859 kl=0.683969 best=-0.434189
PPO_STEP 99/250 reward=-1.425880 kl=0.080797 best=-0.434189
PPO_STEP 100/250 reward=-0.752724 kl=0.245704 best=-0.434189
PPO_STEP 101/250 reward=-1.024487 kl=0.575146 best=-0.434189
PPO_STEP 102/250 reward=-1.290279 kl=1.623266 best=-0.434189
PPO_STEP 103/250 reward=-1.253266 kl=0.389811 best=-0.434189
PPO_STEP 104/250 reward=-1.194492 kl=0.818461 best=-0.434189
PPO_STEP 105/250 reward=-0.688408 kl=1.355213 best=-0.434189
PPO_STEP 106/250 reward=-0.880920 kl=0.562478 best=-0.434189
PPO_STEP 107/250 reward=-1.190713 kl=0.713234 best=-0.434189
PPO_STEP 108/250 reward=-1.236206 kl=1.682712 best=-0.434189
PPO_STEP 109/250 reward=-1.039711 kl=0.089864 best=-0.434189
PPO_STEP 110/250 reward=-0.679522 kl=0.714076 best=-0.434189
PPO_STEP 111/250 reward=-0.917114 kl=1.002460 best=-0.434189
PPO_STEP 112/250 reward=-0.630264 kl=1.484497 best=-0.434189
PPO_STEP 113/250 reward=-0.753170 kl=0.619730 best=-0.434189
PPO_STEP 114/250 reward=-1.102798 kl=0.445305 best=-0.434189
PPO_STEP 115/250 reward=-1.035263 kl=-0.445803 best=-0.434189
PPO_STEP 116/250 reward=-0.943001 kl=0.084300 best=-0.434189
PPO_STEP 117/250 reward=-1.303490 kl=0.597064 best=-0.434189
PPO_STEP 118/250 reward=-0.690933 kl=0.730161 best=-0.434189
PPO_STEP 119/250 reward=-0.410233 kl=0.560002 best=-0.410233
PPO_STEP 120/250 reward=-1.667175 kl=0.577306 best=-0.410233
PPO_STEP 121/250 reward=-0.521530 kl=1.034687 best=-0.410233
PPO_STEP 122/250 reward=-1.276947 kl=0.265295 best=-0.410233
PPO_STEP 123/250 reward=-1.381966 kl=0.585741 best=-0.410233
PPO_STEP 124/250 reward=-0.810955 kl=0.744478 best=-0.410233
PPO_STEP 125/250 reward=-0.950798 kl=0.028996 best=-0.410233
PPO_STEP 126/250 reward=-0.704552 kl=1.183555 best=-0.410233
PPO_STEP 127/250 reward=-0.899567 kl=0.769083 best=-0.410233
PPO_STEP 128/250 reward=-0.978317 kl=0.411931 best=-0.410233
PPO_STEP 129/250 reward=-1.164032 kl=0.456301 best=-0.410233
PPO_STEP 130/250 reward=-1.473145 kl=0.557576 best=-0.410233
PPO_STEP 131/250 reward=-0.879295 kl=1.568994 best=-0.410233
PPO_STEP 132/250 reward=-1.031912 kl=0.359191 best=-0.410233
PPO_STEP 133/250 reward=-1.675819 kl=0.180414 best=-0.410233
PPO_STEP 134/250 reward=-1.182405 kl=0.713399 best=-0.410233
PPO_STEP 135/250 reward=-1.337219 kl=-0.193345 best=-0.410233
PPO_STEP 136/250 reward=-0.846100 kl=0.569681 best=-0.410233
PPO_STEP 137/250 reward=-1.185703 kl=0.846543 best=-0.410233
PPO_STEP 138/250 reward=-1.187547 kl=0.306634 best=-0.410233
PPO_STEP 139/250 reward=-1.029800 kl=-0.011838 best=-0.410233
PPO_STEP 140/250 reward=-0.774719 kl=0.110613 best=-0.410233
PPO_STEP 141/250 reward=-0.681740 kl=0.912972 best=-0.410233
PPO_STEP 142/250 reward=-1.067446 kl=0.341393 best=-0.410233
PPO_STEP 143/250 reward=-0.692936 kl=0.965209 best=-0.410233
PPO_STEP 144/250 reward=-1.095688 kl=1.048730 best=-0.410233
PPO_STEP 145/250 reward=-0.885948 kl=1.253794 best=-0.410233
PPO_STEP 146/250 reward=-0.686378 kl=1.186484 best=-0.410233
PPO_STEP 147/250 reward=-0.935944 kl=1.282372 best=-0.410233
PPO_STEP 148/250 reward=-0.784210 kl=0.335205 best=-0.410233
PPO_STEP 149/250 reward=-0.483612 kl=0.456680 best=-0.410233
PPO_STEP 150/250 reward=-0.950623 kl=1.021361 best=-0.410233
PPO_STEP 151/250 reward=-0.475769 kl=0.939660 best=-0.410233
PPO_STEP 152/250 reward=-0.915222 kl=0.581481 best=-0.410233
PPO_STEP 153/250 reward=-1.131821 kl=0.878445 best=-0.410233
PPO_STEP 154/250 reward=-1.477997 kl=0.611383 best=-0.410233
PPO_STEP 155/250 reward=-0.653324 kl=1.367567 best=-0.410233
PPO_STEP 156/250 reward=-0.612640 kl=1.187861 best=-0.410233
PPO_STEP 157/250 reward=-0.696167 kl=1.371603 best=-0.410233
PPO_STEP 158/250 reward=-0.985184 kl=1.103046 best=-0.410233
PPO_STEP 159/250 reward=-1.009224 kl=1.576307 best=-0.410233
PPO_STEP 160/250 reward=-0.490536 kl=0.891061 best=-0.410233
PPO_STEP 161/250 reward=-0.977409 kl=0.967903 best=-0.410233
PPO_STEP 162/250 reward=-1.099983 kl=0.525226 best=-0.410233
PPO_STEP 163/250 reward=-0.994766 kl=0.643271 best=-0.410233
PPO_STEP 164/250 reward=-1.434005 kl=0.507046 best=-0.410233
PPO_STEP 165/250 reward=-1.089584 kl=0.088479 best=-0.410233
PPO_STEP 166/250 reward=-0.667175 kl=0.312129 best=-0.410233
PPO_STEP 167/250 reward=-1.381516 kl=1.084909 best=-0.410233
PPO_STEP 168/250 reward=-1.274902 kl=0.004553 best=-0.410233
PPO_STEP 169/250 reward=-1.261780 kl=-0.241622 best=-0.410233
PPO_STEP 170/250 reward=-0.913929 kl=0.109979 best=-0.410233
PPO_STEP 171/250 reward=-0.960129 kl=0.007759 best=-0.410233
PPO_STEP 172/250 reward=-0.764616 kl=0.572210 best=-0.410233
PPO_STEP 173/250 reward=-0.372355 kl=0.961076 best=-0.372355
PPO_STEP 174/250 reward=-0.863060 kl=1.084137 best=-0.372355
PPO_STEP 175/250 reward=-0.423706 kl=0.329529 best=-0.372355
PPO_STEP 176/250 reward=-1.017670 kl=0.747056 best=-0.372355
PPO_STEP 177/250 reward=-1.244196 kl=0.581031 best=-0.372355
PPO_STEP 178/250 reward=-1.432476 kl=-0.106543 best=-0.372355
PPO_STEP 179/250 reward=-0.964767 kl=0.687849 best=-0.372355
PPO_STEP 180/250 reward=-0.966919 kl=0.534443 best=-0.372355
PPO_STEP 181/250 reward=-1.477631 kl=0.889528 best=-0.372355
PPO_STEP 182/250 reward=-1.393494 kl=0.551095 best=-0.372355
PPO_STEP 183/250 reward=-1.354797 kl=-0.723316 best=-0.372355
PPO_STEP 184/250 reward=-1.109070 kl=-0.120368 best=-0.372355
PPO_STEP 185/250 reward=-1.219025 kl=-0.164180 best=-0.372355
PPO_STEP 186/250 reward=-1.159607 kl=-0.340210 best=-0.372355
PPO_STEP 187/250 reward=-1.362286 kl=-0.522735 best=-0.372355
PPO_STEP 188/250 reward=-1.239090 kl=0.138515 best=-0.372355
PPO_STEP 189/250 reward=-1.061234 kl=0.095599 best=-0.372355
PPO_STEP 190/250 reward=-0.969086 kl=-0.675267 best=-0.372355
PPO_STEP 191/250 reward=-1.328278 kl=0.351119 best=-0.372355
PPO_STEP 192/250 reward=-0.621861 kl=0.832973 best=-0.372355
PPO_STEP 193/250 reward=-1.017014 kl=1.805788 best=-0.372355
PPO_STEP 194/250 reward=-0.961487 kl=-0.499681 best=-0.372355
PPO_STEP 195/250 reward=-0.786446 kl=0.904679 best=-0.372355
PPO_STEP 196/250 reward=-0.944244 kl=1.187703 best=-0.372355
PPO_STEP 197/250 reward=-0.904900 kl=1.995354 best=-0.372355
PPO_STEP 198/250 reward=-0.817650 kl=1.090250 best=-0.372355
PPO_STEP 199/250 reward=-0.603828 kl=1.256779 best=-0.372355
PPO_STEP 200/250 reward=-1.221840 kl=1.409522 best=-0.372355
PPO_STEP 201/250 reward=-0.919853 kl=0.214256 best=-0.372355
PPO_STEP 202/250 reward=-1.090250 kl=0.590846 best=-0.372355
PPO_STEP 203/250 reward=-1.149818 kl=1.145889 best=-0.372355
PPO_STEP 204/250 reward=-0.418320 kl=0.104473 best=-0.372355
PPO_STEP 205/250 reward=-1.212881 kl=0.668246 best=-0.372355
PPO_STEP 206/250 reward=-0.647827 kl=1.486363 best=-0.372355
PPO_STEP 207/250 reward=-1.344147 kl=0.586650 best=-0.372355
PPO_STEP 208/250 reward=-1.013542 kl=0.412005 best=-0.372355
PPO_STEP 209/250 reward=-1.267996 kl=0.911415 best=-0.372355
PPO_STEP 210/250 reward=-0.802979 kl=0.753627 best=-0.372355
PPO_STEP 211/250 reward=-1.451973 kl=1.008200 best=-0.372355
PPO_STEP 212/250 reward=-0.796806 kl=2.364050 best=-0.372355
PPO_STEP 213/250 reward=-0.905983 kl=0.925259 best=-0.372355
PPO_STEP 214/250 reward=-1.517120 kl=1.065978 best=-0.372355
PPO_STEP 215/250 reward=-1.222008 kl=0.526156 best=-0.372355
PPO_STEP 216/250 reward=-0.891064 kl=0.382543 best=-0.372355
PPO_STEP 217/250 reward=-0.817524 kl=1.072959 best=-0.372355
PPO_STEP 218/250 reward=-1.546455 kl=0.333007 best=-0.372355
PPO_STEP 219/250 reward=-1.271488 kl=0.562711 best=-0.372355
PPO_STEP 220/250 reward=-1.235153 kl=-0.104330 best=-0.372355
PPO_STEP 221/250 reward=-1.237640 kl=1.073653 best=-0.372355
PPO_STEP 222/250 reward=-0.821777 kl=0.604994 best=-0.372355
PPO_STEP 223/250 reward=-0.834076 kl=1.011426 best=-0.372355
PPO_STEP 224/250 reward=-1.254929 kl=1.335080 best=-0.372355
PPO_STEP 225/250 reward=-0.981346 kl=1.154955 best=-0.372355
PPO_STEP 226/250 reward=-0.838928 kl=0.266083 best=-0.372355
PPO_STEP 227/250 reward=-0.844147 kl=1.794908 best=-0.372355
PPO_STEP 228/250 reward=-0.891453 kl=1.993483 best=-0.372355
PPO_STEP 229/250 reward=-0.935654 kl=1.070115 best=-0.372355
PPO_STEP 230/250 reward=-0.674742 kl=1.628059 best=-0.372355
PPO_STEP 231/250 reward=-1.007370 kl=0.697866 best=-0.372355
PPO_STEP 232/250 reward=-0.768391 kl=1.381595 best=-0.372355
PPO_STEP 233/250 reward=-0.767094 kl=0.370816 best=-0.372355
PPO_STEP 234/250 reward=-0.934250 kl=1.450647 best=-0.372355
PPO_STEP 235/250 reward=-1.162384 kl=1.161135 best=-0.372355
PPO_STEP 236/250 reward=-0.780060 kl=1.639924 best=-0.372355
PPO_STEP 237/250 reward=-1.436714 kl=1.613353 best=-0.372355
PPO_STEP 238/250 reward=-0.742249 kl=0.483229 best=-0.372355
PPO_STEP 239/250 reward=-0.756653 kl=1.416425 best=-0.372355
PPO_STEP 240/250 reward=-0.773804 kl=1.292875 best=-0.372355
PPO_STEP 241/250 reward=-0.980270 kl=1.050200 best=-0.372355
PPO_STEP 242/250 reward=-0.873161 kl=1.032135 best=-0.372355
PPO_STEP 243/250 reward=-0.899918 kl=0.577579 best=-0.372355
PPO_STEP 244/250 reward=-1.246750 kl=0.488843 best=-0.372355
PPO_STEP 245/250 reward=-0.964478 kl=1.556486 best=-0.372355
PPO_STEP 246/250 reward=-1.239349 kl=0.565103 best=-0.372355
PPO_STEP 247/250 reward=-1.450424 kl=0.210269 best=-0.372355
PPO_STEP 248/250 reward=-0.809395 kl=1.233558 best=-0.372355
PPO_STEP 249/250 reward=-1.303368 kl=0.954925 best=-0.372355
PPO_STEP 250/250 reward=-0.936478 kl=1.576624 best=-0.372355
[W730 09:00:00.459442371 AllocatorConfig.cpp:28] Warning: PYTORCH_CUDA_ALLOC_CONF is deprecated, use PYTORCH_ALLOC_CONF instead (function operator())
